// Jest Snapshot v1, https://goo.gl/fbAQLP

exports[`App Component matches the snapshot 1`] = `
<DocumentFragment>
  <div
    class="Toastify"
  />
  <div>
    Mock Layout
  </div>
</DocumentFragment>
`;
